ARM GAS  C:\Users\Admin\AppData\Local\Temp\ccwJo4kY.s 			page 1


   1              		.syntax unified
   2              		.cpu cortex-m0
   3              		.fpu softvfp
   4              		.eabi_attribute 20, 1
   5              		.eabi_attribute 21, 1
   6              		.eabi_attribute 23, 3
   7              		.eabi_attribute 24, 1
   8              		.eabi_attribute 25, 1
   9              		.eabi_attribute 26, 1
  10              		.eabi_attribute 30, 6
  11              		.eabi_attribute 34, 0
  12              		.eabi_attribute 18, 4
  13              		.thumb
  14              		.syntax unified
  15              		.file	"cyfitter_cfg.c"
  16              		.text
  17              	.Ltext0:
  18              		.cfi_sections	.debug_frame
  19              		.section	.text.CYMEMZERO,"ax",%progbits
  20              		.align	2
  21              		.code	16
  22              		.thumb_func
  23              		.type	CYMEMZERO, %function
  24              	CYMEMZERO:
  25              	.LFB2:
  26              		.file 1 "Generated_Source\\PSoC4\\cyfitter_cfg.c"
   1:Generated_Source\PSoC4/cyfitter_cfg.c **** 
   2:Generated_Source\PSoC4/cyfitter_cfg.c **** /*******************************************************************************
   3:Generated_Source\PSoC4/cyfitter_cfg.c **** * File Name: cyfitter_cfg.c
   4:Generated_Source\PSoC4/cyfitter_cfg.c **** * 
   5:Generated_Source\PSoC4/cyfitter_cfg.c **** * PSoC Creator  4.4
   6:Generated_Source\PSoC4/cyfitter_cfg.c **** *
   7:Generated_Source\PSoC4/cyfitter_cfg.c **** * Description:
   8:Generated_Source\PSoC4/cyfitter_cfg.c **** * This file contains device initialization code.
   9:Generated_Source\PSoC4/cyfitter_cfg.c **** * Except for the user defined sections in CyClockStartupError(), this file should not be modified.
  10:Generated_Source\PSoC4/cyfitter_cfg.c **** * This file is automatically generated by PSoC Creator.
  11:Generated_Source\PSoC4/cyfitter_cfg.c **** *
  12:Generated_Source\PSoC4/cyfitter_cfg.c **** ********************************************************************************
  13:Generated_Source\PSoC4/cyfitter_cfg.c **** * Copyright (c) 2007-2020 Cypress Semiconductor.  All rights reserved.
  14:Generated_Source\PSoC4/cyfitter_cfg.c **** * You may use this file only in accordance with the license, terms, conditions, 
  15:Generated_Source\PSoC4/cyfitter_cfg.c **** * disclaimers, and limitations in the end user license agreement accompanying 
  16:Generated_Source\PSoC4/cyfitter_cfg.c **** * the software package with which this file was provided.
  17:Generated_Source\PSoC4/cyfitter_cfg.c **** ********************************************************************************/
  18:Generated_Source\PSoC4/cyfitter_cfg.c **** 
  19:Generated_Source\PSoC4/cyfitter_cfg.c **** #include <string.h>
  20:Generated_Source\PSoC4/cyfitter_cfg.c **** #include "cytypes.h"
  21:Generated_Source\PSoC4/cyfitter_cfg.c **** #include "cydevice_trm.h"
  22:Generated_Source\PSoC4/cyfitter_cfg.c **** #include "cyfitter.h"
  23:Generated_Source\PSoC4/cyfitter_cfg.c **** #include "CyLib.h"
  24:Generated_Source\PSoC4/cyfitter_cfg.c **** #include "cyfitter_cfg.h"
  25:Generated_Source\PSoC4/cyfitter_cfg.c **** 
  26:Generated_Source\PSoC4/cyfitter_cfg.c **** 
  27:Generated_Source\PSoC4/cyfitter_cfg.c **** #if defined(__GNUC__) || defined(__ARMCC_VERSION)
  28:Generated_Source\PSoC4/cyfitter_cfg.c ****     #define CYPACKED 
  29:Generated_Source\PSoC4/cyfitter_cfg.c ****     #define CYPACKED_ATTR __attribute__ ((packed))
  30:Generated_Source\PSoC4/cyfitter_cfg.c ****     #define CYALIGNED __attribute__ ((aligned))
  31:Generated_Source\PSoC4/cyfitter_cfg.c ****     #define CY_CFG_UNUSED __attribute__ ((unused))
ARM GAS  C:\Users\Admin\AppData\Local\Temp\ccwJo4kY.s 			page 2


  32:Generated_Source\PSoC4/cyfitter_cfg.c ****     #ifndef CY_CFG_SECTION
  33:Generated_Source\PSoC4/cyfitter_cfg.c ****         #define CY_CFG_SECTION __attribute__ ((section(".psocinit")))
  34:Generated_Source\PSoC4/cyfitter_cfg.c ****     #endif
  35:Generated_Source\PSoC4/cyfitter_cfg.c ****     
  36:Generated_Source\PSoC4/cyfitter_cfg.c ****     #if defined(__ARMCC_VERSION)
  37:Generated_Source\PSoC4/cyfitter_cfg.c ****         #define CY_CFG_MEMORY_BARRIER() __memory_changed()
  38:Generated_Source\PSoC4/cyfitter_cfg.c ****     #else
  39:Generated_Source\PSoC4/cyfitter_cfg.c ****         #define CY_CFG_MEMORY_BARRIER() __sync_synchronize()
  40:Generated_Source\PSoC4/cyfitter_cfg.c ****     #endif
  41:Generated_Source\PSoC4/cyfitter_cfg.c ****     
  42:Generated_Source\PSoC4/cyfitter_cfg.c **** #elif defined(__ICCARM__)
  43:Generated_Source\PSoC4/cyfitter_cfg.c ****     #include <intrinsics.h>
  44:Generated_Source\PSoC4/cyfitter_cfg.c **** 
  45:Generated_Source\PSoC4/cyfitter_cfg.c ****     #define CYPACKED __packed
  46:Generated_Source\PSoC4/cyfitter_cfg.c ****     #define CYPACKED_ATTR 
  47:Generated_Source\PSoC4/cyfitter_cfg.c ****     #define CYALIGNED _Pragma("data_alignment=4")
  48:Generated_Source\PSoC4/cyfitter_cfg.c ****     #define CY_CFG_UNUSED _Pragma("diag_suppress=Pe177")
  49:Generated_Source\PSoC4/cyfitter_cfg.c ****     #define CY_CFG_SECTION _Pragma("location=\".psocinit\"")
  50:Generated_Source\PSoC4/cyfitter_cfg.c ****     
  51:Generated_Source\PSoC4/cyfitter_cfg.c ****     #define CY_CFG_MEMORY_BARRIER() __DMB()
  52:Generated_Source\PSoC4/cyfitter_cfg.c ****     
  53:Generated_Source\PSoC4/cyfitter_cfg.c **** #else
  54:Generated_Source\PSoC4/cyfitter_cfg.c ****     #error Unsupported toolchain
  55:Generated_Source\PSoC4/cyfitter_cfg.c **** #endif
  56:Generated_Source\PSoC4/cyfitter_cfg.c **** 
  57:Generated_Source\PSoC4/cyfitter_cfg.c **** #ifndef CYCODE
  58:Generated_Source\PSoC4/cyfitter_cfg.c ****     #define CYCODE
  59:Generated_Source\PSoC4/cyfitter_cfg.c **** #endif
  60:Generated_Source\PSoC4/cyfitter_cfg.c **** #ifndef CYDATA
  61:Generated_Source\PSoC4/cyfitter_cfg.c ****     #define CYDATA
  62:Generated_Source\PSoC4/cyfitter_cfg.c **** #endif
  63:Generated_Source\PSoC4/cyfitter_cfg.c **** #ifndef CYFAR
  64:Generated_Source\PSoC4/cyfitter_cfg.c ****     #define CYFAR
  65:Generated_Source\PSoC4/cyfitter_cfg.c **** #endif
  66:Generated_Source\PSoC4/cyfitter_cfg.c **** #ifndef CYXDATA
  67:Generated_Source\PSoC4/cyfitter_cfg.c ****     #define CYXDATA
  68:Generated_Source\PSoC4/cyfitter_cfg.c **** #endif
  69:Generated_Source\PSoC4/cyfitter_cfg.c **** 
  70:Generated_Source\PSoC4/cyfitter_cfg.c **** 
  71:Generated_Source\PSoC4/cyfitter_cfg.c **** CY_CFG_UNUSED
  72:Generated_Source\PSoC4/cyfitter_cfg.c **** static void CYMEMZERO(void *s, size_t n);
  73:Generated_Source\PSoC4/cyfitter_cfg.c **** CY_CFG_UNUSED
  74:Generated_Source\PSoC4/cyfitter_cfg.c **** static void CYMEMZERO(void *s, size_t n)
  75:Generated_Source\PSoC4/cyfitter_cfg.c **** {
  27              		.loc 1 75 0
  28              		.cfi_startproc
  29              		@ args = 0, pretend = 0, frame = 8
  30              		@ frame_needed = 1, uses_anonymous_args = 0
  31 0000 80B5     		push	{r7, lr}
  32              		.cfi_def_cfa_offset 8
  33              		.cfi_offset 7, -8
  34              		.cfi_offset 14, -4
  35 0002 82B0     		sub	sp, sp, #8
  36              		.cfi_def_cfa_offset 16
  37 0004 00AF     		add	r7, sp, #0
  38              		.cfi_def_cfa_register 7
  39 0006 7860     		str	r0, [r7, #4]
ARM GAS  C:\Users\Admin\AppData\Local\Temp\ccwJo4kY.s 			page 3


  40 0008 3960     		str	r1, [r7]
  76:Generated_Source\PSoC4/cyfitter_cfg.c **** 	(void)memset(s, 0, n);
  41              		.loc 1 76 0
  42 000a 3A68     		ldr	r2, [r7]
  43 000c 7B68     		ldr	r3, [r7, #4]
  44 000e 0021     		movs	r1, #0
  45 0010 1800     		movs	r0, r3
  46 0012 FFF7FEFF 		bl	memset
  77:Generated_Source\PSoC4/cyfitter_cfg.c **** }
  47              		.loc 1 77 0
  48 0016 C046     		nop
  49 0018 BD46     		mov	sp, r7
  50 001a 02B0     		add	sp, sp, #8
  51              		@ sp needed
  52 001c 80BD     		pop	{r7, pc}
  53              		.cfi_endproc
  54              	.LFE2:
  55              		.size	CYMEMZERO, .-CYMEMZERO
  56 001e C046     		.section	.text.CYCONFIGCPY,"ax",%progbits
  57              		.align	2
  58              		.code	16
  59              		.thumb_func
  60              		.type	CYCONFIGCPY, %function
  61              	CYCONFIGCPY:
  62              	.LFB3:
  78:Generated_Source\PSoC4/cyfitter_cfg.c **** CY_CFG_UNUSED
  79:Generated_Source\PSoC4/cyfitter_cfg.c **** static void CYCONFIGCPY(void *dest, const void *src, size_t n);
  80:Generated_Source\PSoC4/cyfitter_cfg.c **** CY_CFG_UNUSED
  81:Generated_Source\PSoC4/cyfitter_cfg.c **** static void CYCONFIGCPY(void *dest, const void *src, size_t n)
  82:Generated_Source\PSoC4/cyfitter_cfg.c **** {
  63              		.loc 1 82 0
  64              		.cfi_startproc
  65              		@ args = 0, pretend = 0, frame = 16
  66              		@ frame_needed = 1, uses_anonymous_args = 0
  67 0000 80B5     		push	{r7, lr}
  68              		.cfi_def_cfa_offset 8
  69              		.cfi_offset 7, -8
  70              		.cfi_offset 14, -4
  71 0002 84B0     		sub	sp, sp, #16
  72              		.cfi_def_cfa_offset 24
  73 0004 00AF     		add	r7, sp, #0
  74              		.cfi_def_cfa_register 7
  75 0006 F860     		str	r0, [r7, #12]
  76 0008 B960     		str	r1, [r7, #8]
  77 000a 7A60     		str	r2, [r7, #4]
  83:Generated_Source\PSoC4/cyfitter_cfg.c **** 	(void)memcpy(dest, src, n);
  78              		.loc 1 83 0
  79 000c 7A68     		ldr	r2, [r7, #4]
  80 000e B968     		ldr	r1, [r7, #8]
  81 0010 FB68     		ldr	r3, [r7, #12]
  82 0012 1800     		movs	r0, r3
  83 0014 FFF7FEFF 		bl	memcpy
  84:Generated_Source\PSoC4/cyfitter_cfg.c **** }
  84              		.loc 1 84 0
  85 0018 C046     		nop
  86 001a BD46     		mov	sp, r7
  87 001c 04B0     		add	sp, sp, #16
ARM GAS  C:\Users\Admin\AppData\Local\Temp\ccwJo4kY.s 			page 4


  88              		@ sp needed
  89 001e 80BD     		pop	{r7, pc}
  90              		.cfi_endproc
  91              	.LFE3:
  92              		.size	CYCONFIGCPY, .-CYCONFIGCPY
  93              		.section	.text.CYCONFIGCPYCODE,"ax",%progbits
  94              		.align	2
  95              		.code	16
  96              		.thumb_func
  97              		.type	CYCONFIGCPYCODE, %function
  98              	CYCONFIGCPYCODE:
  99              	.LFB4:
  85:Generated_Source\PSoC4/cyfitter_cfg.c **** CY_CFG_UNUSED
  86:Generated_Source\PSoC4/cyfitter_cfg.c **** static void CYCONFIGCPYCODE(void *dest, const void *src, size_t n);
  87:Generated_Source\PSoC4/cyfitter_cfg.c **** CY_CFG_UNUSED
  88:Generated_Source\PSoC4/cyfitter_cfg.c **** static void CYCONFIGCPYCODE(void *dest, const void *src, size_t n)
  89:Generated_Source\PSoC4/cyfitter_cfg.c **** {
 100              		.loc 1 89 0
 101              		.cfi_startproc
 102              		@ args = 0, pretend = 0, frame = 16
 103              		@ frame_needed = 1, uses_anonymous_args = 0
 104 0000 80B5     		push	{r7, lr}
 105              		.cfi_def_cfa_offset 8
 106              		.cfi_offset 7, -8
 107              		.cfi_offset 14, -4
 108 0002 84B0     		sub	sp, sp, #16
 109              		.cfi_def_cfa_offset 24
 110 0004 00AF     		add	r7, sp, #0
 111              		.cfi_def_cfa_register 7
 112 0006 F860     		str	r0, [r7, #12]
 113 0008 B960     		str	r1, [r7, #8]
 114 000a 7A60     		str	r2, [r7, #4]
  90:Generated_Source\PSoC4/cyfitter_cfg.c **** 	(void)memcpy(dest, src, n);
 115              		.loc 1 90 0
 116 000c 7A68     		ldr	r2, [r7, #4]
 117 000e B968     		ldr	r1, [r7, #8]
 118 0010 FB68     		ldr	r3, [r7, #12]
 119 0012 1800     		movs	r0, r3
 120 0014 FFF7FEFF 		bl	memcpy
  91:Generated_Source\PSoC4/cyfitter_cfg.c **** }
 121              		.loc 1 91 0
 122 0018 C046     		nop
 123 001a BD46     		mov	sp, r7
 124 001c 04B0     		add	sp, sp, #16
 125              		@ sp needed
 126 001e 80BD     		pop	{r7, pc}
 127              		.cfi_endproc
 128              	.LFE4:
 129              		.size	CYCONFIGCPYCODE, .-CYCONFIGCPYCODE
 130              		.section	.psocinit,"ax",%progbits
 131              		.align	2
 132              		.code	16
 133              		.thumb_func
 134              		.type	ClockSetup, %function
 135              	ClockSetup:
 136              	.LFB5:
  92:Generated_Source\PSoC4/cyfitter_cfg.c **** 
ARM GAS  C:\Users\Admin\AppData\Local\Temp\ccwJo4kY.s 			page 5


  93:Generated_Source\PSoC4/cyfitter_cfg.c **** 
  94:Generated_Source\PSoC4/cyfitter_cfg.c **** 
  95:Generated_Source\PSoC4/cyfitter_cfg.c **** 
  96:Generated_Source\PSoC4/cyfitter_cfg.c **** /* Clock startup error codes                                                   */
  97:Generated_Source\PSoC4/cyfitter_cfg.c **** #define CYCLOCKSTART_NO_ERROR    0u
  98:Generated_Source\PSoC4/cyfitter_cfg.c **** #define CYCLOCKSTART_XTAL_ERROR  1u
  99:Generated_Source\PSoC4/cyfitter_cfg.c **** #define CYCLOCKSTART_32KHZ_ERROR 2u
 100:Generated_Source\PSoC4/cyfitter_cfg.c **** #define CYCLOCKSTART_PLL_ERROR   3u
 101:Generated_Source\PSoC4/cyfitter_cfg.c **** #define CYCLOCKSTART_FLL_ERROR   4u
 102:Generated_Source\PSoC4/cyfitter_cfg.c **** #define CYCLOCKSTART_WCO_ERROR   5u
 103:Generated_Source\PSoC4/cyfitter_cfg.c **** 
 104:Generated_Source\PSoC4/cyfitter_cfg.c **** 
 105:Generated_Source\PSoC4/cyfitter_cfg.c **** #ifdef CY_NEED_CYCLOCKSTARTUPERROR
 106:Generated_Source\PSoC4/cyfitter_cfg.c **** /*******************************************************************************
 107:Generated_Source\PSoC4/cyfitter_cfg.c **** * Function Name: CyClockStartupError
 108:Generated_Source\PSoC4/cyfitter_cfg.c **** ********************************************************************************
 109:Generated_Source\PSoC4/cyfitter_cfg.c **** * Summary:
 110:Generated_Source\PSoC4/cyfitter_cfg.c **** *  If an error is encountered during clock configuration (crystal startup error,
 111:Generated_Source\PSoC4/cyfitter_cfg.c **** *  PLL lock error, etc.), the system will end up here.  Unless reimplemented by
 112:Generated_Source\PSoC4/cyfitter_cfg.c **** *  the customer, this function will stop in an infinite loop.
 113:Generated_Source\PSoC4/cyfitter_cfg.c **** *
 114:Generated_Source\PSoC4/cyfitter_cfg.c **** * Parameters:
 115:Generated_Source\PSoC4/cyfitter_cfg.c **** *   void
 116:Generated_Source\PSoC4/cyfitter_cfg.c **** *
 117:Generated_Source\PSoC4/cyfitter_cfg.c **** * Return:
 118:Generated_Source\PSoC4/cyfitter_cfg.c **** *   void
 119:Generated_Source\PSoC4/cyfitter_cfg.c **** *
 120:Generated_Source\PSoC4/cyfitter_cfg.c **** *******************************************************************************/
 121:Generated_Source\PSoC4/cyfitter_cfg.c **** CY_CFG_UNUSED
 122:Generated_Source\PSoC4/cyfitter_cfg.c **** static void CyClockStartupError(uint8 errorCode);
 123:Generated_Source\PSoC4/cyfitter_cfg.c **** CY_CFG_UNUSED
 124:Generated_Source\PSoC4/cyfitter_cfg.c **** static void CyClockStartupError(uint8 errorCode)
 125:Generated_Source\PSoC4/cyfitter_cfg.c **** {
 126:Generated_Source\PSoC4/cyfitter_cfg.c ****     /* To remove the compiler warning if errorCode not used.                */
 127:Generated_Source\PSoC4/cyfitter_cfg.c ****     errorCode = errorCode;
 128:Generated_Source\PSoC4/cyfitter_cfg.c **** 
 129:Generated_Source\PSoC4/cyfitter_cfg.c ****     /* If we have a clock startup error (bad MHz crystal, PLL lock, etc.),  */
 130:Generated_Source\PSoC4/cyfitter_cfg.c ****     /* we will end up here to allow the customer to implement something to  */
 131:Generated_Source\PSoC4/cyfitter_cfg.c ****     /* deal with the clock condition.                                       */
 132:Generated_Source\PSoC4/cyfitter_cfg.c **** 
 133:Generated_Source\PSoC4/cyfitter_cfg.c **** #ifdef CY_CFG_CLOCK_STARTUP_ERROR_CALLBACK
 134:Generated_Source\PSoC4/cyfitter_cfg.c ****     CY_CFG_Clock_Startup_ErrorCallback();
 135:Generated_Source\PSoC4/cyfitter_cfg.c **** #else
 136:Generated_Source\PSoC4/cyfitter_cfg.c ****     /*  If not using CY_CFG_CLOCK_STARTUP_ERROR_CALLBACK, place your clock startup code here. */
 137:Generated_Source\PSoC4/cyfitter_cfg.c ****     /* `#START CyClockStartupError` */
 138:Generated_Source\PSoC4/cyfitter_cfg.c **** 
 139:Generated_Source\PSoC4/cyfitter_cfg.c **** 
 140:Generated_Source\PSoC4/cyfitter_cfg.c **** 
 141:Generated_Source\PSoC4/cyfitter_cfg.c ****     /* `#END` */
 142:Generated_Source\PSoC4/cyfitter_cfg.c **** 
 143:Generated_Source\PSoC4/cyfitter_cfg.c ****     while(1) {}
 144:Generated_Source\PSoC4/cyfitter_cfg.c **** #endif /* CY_CFG_CLOCK_STARTUP_ERROR_CALLBACK */
 145:Generated_Source\PSoC4/cyfitter_cfg.c **** }
 146:Generated_Source\PSoC4/cyfitter_cfg.c **** #endif
 147:Generated_Source\PSoC4/cyfitter_cfg.c **** 
 148:Generated_Source\PSoC4/cyfitter_cfg.c **** 
 149:Generated_Source\PSoC4/cyfitter_cfg.c **** 
ARM GAS  C:\Users\Admin\AppData\Local\Temp\ccwJo4kY.s 			page 6


 150:Generated_Source\PSoC4/cyfitter_cfg.c **** /*******************************************************************************
 151:Generated_Source\PSoC4/cyfitter_cfg.c **** * Function Name: ClockSetup
 152:Generated_Source\PSoC4/cyfitter_cfg.c **** ********************************************************************************
 153:Generated_Source\PSoC4/cyfitter_cfg.c **** *
 154:Generated_Source\PSoC4/cyfitter_cfg.c **** * Summary:
 155:Generated_Source\PSoC4/cyfitter_cfg.c **** *   Performs the initialization of all of the clocks in the device based on the
 156:Generated_Source\PSoC4/cyfitter_cfg.c **** *   settings in the Clock tab of the DWR.  This includes enabling the requested
 157:Generated_Source\PSoC4/cyfitter_cfg.c **** *   clocks and setting the necessary dividers to produce the desired frequency. 
 158:Generated_Source\PSoC4/cyfitter_cfg.c **** *
 159:Generated_Source\PSoC4/cyfitter_cfg.c **** * Parameters:
 160:Generated_Source\PSoC4/cyfitter_cfg.c **** *   void
 161:Generated_Source\PSoC4/cyfitter_cfg.c **** *
 162:Generated_Source\PSoC4/cyfitter_cfg.c **** * Return:
 163:Generated_Source\PSoC4/cyfitter_cfg.c **** *   void
 164:Generated_Source\PSoC4/cyfitter_cfg.c **** *
 165:Generated_Source\PSoC4/cyfitter_cfg.c **** *******************************************************************************/
 166:Generated_Source\PSoC4/cyfitter_cfg.c **** static void ClockSetup(void);
 167:Generated_Source\PSoC4/cyfitter_cfg.c **** CY_CFG_SECTION
 168:Generated_Source\PSoC4/cyfitter_cfg.c **** static void ClockSetup(void)
 169:Generated_Source\PSoC4/cyfitter_cfg.c **** {
 137              		.loc 1 169 0
 138              		.cfi_startproc
 139              		@ args = 0, pretend = 0, frame = 0
 140              		@ frame_needed = 1, uses_anonymous_args = 0
 141 0000 80B5     		push	{r7, lr}
 142              		.cfi_def_cfa_offset 8
 143              		.cfi_offset 7, -8
 144              		.cfi_offset 14, -4
 145 0002 00AF     		add	r7, sp, #0
 146              		.cfi_def_cfa_register 7
 170:Generated_Source\PSoC4/cyfitter_cfg.c **** 
 171:Generated_Source\PSoC4/cyfitter_cfg.c **** 	/* Set Flash Cycles based on max possible frequency in case a glitch occurs during ClockSetup(). *
 172:Generated_Source\PSoC4/cyfitter_cfg.c **** 	CY_SET_REG32((void CYXDATA *)(CYREG_CPUSS_FLASH_CTL), (0x0012u));
 147              		.loc 1 172 0
 148 0004 244B     		ldr	r3, .L5
 149 0006 1222     		movs	r2, #18
 150 0008 1A60     		str	r2, [r3]
 173:Generated_Source\PSoC4/cyfitter_cfg.c **** 
 174:Generated_Source\PSoC4/cyfitter_cfg.c **** 	/* Start the WCO */
 175:Generated_Source\PSoC4/cyfitter_cfg.c **** 	CySysClkWcoStart();
 151              		.loc 1 175 0
 152 000a FFF7FEFF 		bl	CySysClkWcoStart
 176:Generated_Source\PSoC4/cyfitter_cfg.c **** 	CyDelayCycles(12000000u); /* WCO may take up to 500ms to start */
 153              		.loc 1 176 0
 154 000e 234B     		ldr	r3, .L5+4
 155 0010 1800     		movs	r0, r3
 156 0012 FFF7FEFF 		bl	CyDelayCycles
 177:Generated_Source\PSoC4/cyfitter_cfg.c **** 	(void)CySysClkWcoSetPowerMode(CY_SYS_CLK_WCO_LPM);    /* Switch to the low power mode */
 157              		.loc 1 177 0
 158 0016 0120     		movs	r0, #1
 159 0018 FFF7FEFF 		bl	CySysClkWcoSetPowerMode
 178:Generated_Source\PSoC4/cyfitter_cfg.c **** 
 179:Generated_Source\PSoC4/cyfitter_cfg.c **** 	/* Setup and trim IMO based on desired frequency. */
 180:Generated_Source\PSoC4/cyfitter_cfg.c **** 	CySysClkWriteImoFreq(48u);
 160              		.loc 1 180 0
 161 001c 3020     		movs	r0, #48
 162 001e FFF7FEFF 		bl	CySysClkWriteImoFreq
ARM GAS  C:\Users\Admin\AppData\Local\Temp\ccwJo4kY.s 			page 7


 181:Generated_Source\PSoC4/cyfitter_cfg.c **** 	/* CYDEV_CLK_ILO_CONFIG Starting address: CYDEV_CLK_ILO_CONFIG */
 182:Generated_Source\PSoC4/cyfitter_cfg.c **** 	CY_SET_REG32((void *)(CYREG_CLK_ILO_CONFIG), 0x80000006u);
 163              		.loc 1 182 0
 164 0022 1F4B     		ldr	r3, .L5+8
 165 0024 1F4A     		ldr	r2, .L5+12
 166 0026 1A60     		str	r2, [r3]
 183:Generated_Source\PSoC4/cyfitter_cfg.c **** 
 184:Generated_Source\PSoC4/cyfitter_cfg.c **** 	/* CYDEV_WDT_CONFIG Starting address: CYDEV_WDT_CONFIG */
 185:Generated_Source\PSoC4/cyfitter_cfg.c **** 	CY_SET_REG32((void *)(CYREG_WDT_CONFIG), 0x40000000u);
 167              		.loc 1 185 0
 168 0028 1F4B     		ldr	r3, .L5+16
 169 002a 8022     		movs	r2, #128
 170 002c D205     		lsls	r2, r2, #23
 171 002e 1A60     		str	r2, [r3]
 186:Generated_Source\PSoC4/cyfitter_cfg.c **** 
 187:Generated_Source\PSoC4/cyfitter_cfg.c **** 
 188:Generated_Source\PSoC4/cyfitter_cfg.c **** 	/* Enable fast start mode for XO */
 189:Generated_Source\PSoC4/cyfitter_cfg.c **** 	CY_SET_REG32((void*)CYREG_BLE_BLERD_BB_XO, CY_GET_REG32((void*)CYREG_BLE_BLERD_BB_XO) | (uint32)0x
 172              		.loc 1 189 0
 173 0030 1E4B     		ldr	r3, .L5+20
 174 0032 1E4A     		ldr	r2, .L5+20
 175 0034 1268     		ldr	r2, [r2]
 176 0036 0221     		movs	r1, #2
 177 0038 0A43     		orrs	r2, r1
 178 003a 1A60     		str	r2, [r3]
 190:Generated_Source\PSoC4/cyfitter_cfg.c **** 	CY_SET_REG32((void *)(CYREG_BLE_BLERD_BB_XO_CAPTRIM), 0x00002D6Au);
 179              		.loc 1 190 0
 180 003c 1C4B     		ldr	r3, .L5+24
 181 003e 1D4A     		ldr	r2, .L5+28
 182 0040 1A60     		str	r2, [r3]
 191:Generated_Source\PSoC4/cyfitter_cfg.c **** 	/*Set XTAL(ECO) divider*/
 192:Generated_Source\PSoC4/cyfitter_cfg.c **** 	CY_SET_REG32((void *)(CYREG_BLE_BLESS_XTAL_CLK_DIV_CONFIG), 0x00000000u);
 183              		.loc 1 192 0
 184 0042 1D4B     		ldr	r3, .L5+32
 185 0044 0022     		movs	r2, #0
 186 0046 1A60     		str	r2, [r3]
 193:Generated_Source\PSoC4/cyfitter_cfg.c **** 	/* Disable Crystal Stable Interrupt before enabling ECO */
 194:Generated_Source\PSoC4/cyfitter_cfg.c **** 	CY_SET_REG32((void*)CYREG_BLE_BLESS_LL_DSM_CTRL, CY_GET_REG32((void*)CYREG_BLE_BLESS_LL_DSM_CTRL) 
 187              		.loc 1 194 0
 188 0048 1C4B     		ldr	r3, .L5+36
 189 004a 1C4A     		ldr	r2, .L5+36
 190 004c 1268     		ldr	r2, [r2]
 191 004e 0821     		movs	r1, #8
 192 0050 8A43     		bics	r2, r1
 193 0052 1A60     		str	r2, [r3]
 195:Generated_Source\PSoC4/cyfitter_cfg.c **** 	/* Start the ECO and do not check status since it is not needed for HFCLK */
 196:Generated_Source\PSoC4/cyfitter_cfg.c **** 	(void)CySysClkEcoStart(2000u);
 194              		.loc 1 196 0
 195 0054 FA23     		movs	r3, #250
 196 0056 DB00     		lsls	r3, r3, #3
 197 0058 1800     		movs	r0, r3
 198 005a FFF7FEFF 		bl	CySysClkEcoStart
 197:Generated_Source\PSoC4/cyfitter_cfg.c **** 	CyDelayUs(1500u); /* Wait to stabilize */
 199              		.loc 1 197 0
 200 005e 184B     		ldr	r3, .L5+40
 201 0060 1800     		movs	r0, r3
 202 0062 FFF7FEFF 		bl	CyDelayUs
ARM GAS  C:\Users\Admin\AppData\Local\Temp\ccwJo4kY.s 			page 8


 198:Generated_Source\PSoC4/cyfitter_cfg.c **** 
 199:Generated_Source\PSoC4/cyfitter_cfg.c **** 	/* Setup phase aligned clocks */
 200:Generated_Source\PSoC4/cyfitter_cfg.c **** 	CY_SET_REG32((void *)CYREG_PERI_DIV_16_CTL0, 0x00002200u);
 203              		.loc 1 200 0
 204 0066 174B     		ldr	r3, .L5+44
 205 0068 8822     		movs	r2, #136
 206 006a 9201     		lsls	r2, r2, #6
 207 006c 1A60     		str	r2, [r3]
 201:Generated_Source\PSoC4/cyfitter_cfg.c **** 	CY_SET_REG32((void *)CYREG_PERI_DIV_CMD, 0x8000FF40u);
 208              		.loc 1 201 0
 209 006e 164B     		ldr	r3, .L5+48
 210 0070 164A     		ldr	r2, .L5+52
 211 0072 1A60     		str	r2, [r3]
 202:Generated_Source\PSoC4/cyfitter_cfg.c **** 
 203:Generated_Source\PSoC4/cyfitter_cfg.c **** 	/* CYDEV_CLK_IMO_CONFIG Starting address: CYDEV_CLK_IMO_CONFIG */
 204:Generated_Source\PSoC4/cyfitter_cfg.c **** 	CY_SET_REG32((void *)(CYREG_CLK_IMO_CONFIG), 0x80000000u);
 212              		.loc 1 204 0
 213 0074 164B     		ldr	r3, .L5+56
 214 0076 8022     		movs	r2, #128
 215 0078 1206     		lsls	r2, r2, #24
 216 007a 1A60     		str	r2, [r3]
 205:Generated_Source\PSoC4/cyfitter_cfg.c **** 
 206:Generated_Source\PSoC4/cyfitter_cfg.c **** 	/* CYDEV_CLK_SELECT Starting address: CYDEV_CLK_SELECT */
 207:Generated_Source\PSoC4/cyfitter_cfg.c **** 	CY_SET_REG32((void *)(CYREG_CLK_SELECT), 0x00040000u);
 217              		.loc 1 207 0
 218 007c 154B     		ldr	r3, .L5+60
 219 007e 8022     		movs	r2, #128
 220 0080 D202     		lsls	r2, r2, #11
 221 0082 1A60     		str	r2, [r3]
 208:Generated_Source\PSoC4/cyfitter_cfg.c **** 
 209:Generated_Source\PSoC4/cyfitter_cfg.c **** 	/* CYDEV_PERI_PCLK_CTL1 Starting address: CYDEV_PERI_PCLK_CTL1 */
 210:Generated_Source\PSoC4/cyfitter_cfg.c **** 	CY_SET_REG32((void *)(CYREG_PERI_PCLK_CTL1), 0x00000040u);
 222              		.loc 1 210 0
 223 0084 144B     		ldr	r3, .L5+64
 224 0086 4022     		movs	r2, #64
 225 0088 1A60     		str	r2, [r3]
 211:Generated_Source\PSoC4/cyfitter_cfg.c **** 
 212:Generated_Source\PSoC4/cyfitter_cfg.c **** 	CY_SET_REG32((void *)(CYREG_WDT_CONFIG), 0x40000000u);
 226              		.loc 1 212 0
 227 008a 074B     		ldr	r3, .L5+16
 228 008c 8022     		movs	r2, #128
 229 008e D205     		lsls	r2, r2, #23
 230 0090 1A60     		str	r2, [r3]
 213:Generated_Source\PSoC4/cyfitter_cfg.c **** }
 231              		.loc 1 213 0
 232 0092 C046     		nop
 233 0094 BD46     		mov	sp, r7
 234              		@ sp needed
 235 0096 80BD     		pop	{r7, pc}
 236              	.L6:
 237              		.align	2
 238              	.L5:
 239 0098 30001040 		.word	1074790448
 240 009c 001BB700 		.word	12000000
 241 00a0 04010B40 		.word	1074462980
 242 00a4 06000080 		.word	-2147483642
 243 00a8 0C020B40 		.word	1074463244
ARM GAS  C:\Users\Admin\AppData\Local\Temp\ccwJo4kY.s 			page 9


 244 00ac 78002E40 		.word	1076756600
 245 00b0 7C002E40 		.word	1076756604
 246 00b4 6A2D0000 		.word	11626
 247 00b8 64F02E40 		.word	1076818020
 248 00bc 6CF02E40 		.word	1076818028
 249 00c0 DC050000 		.word	1500
 250 00c4 00030140 		.word	1073808128
 251 00c8 00000140 		.word	1073807360
 252 00cc 40FF0080 		.word	-2147418304
 253 00d0 08010B40 		.word	1074462984
 254 00d4 00010B40 		.word	1074462976
 255 00d8 04010140 		.word	1073807620
 256              		.cfi_endproc
 257              	.LFE5:
 258              		.size	ClockSetup, .-ClockSetup
 259              		.section	.text.AnalogSetDefault,"ax",%progbits
 260              		.align	2
 261              		.code	16
 262              		.thumb_func
 263              		.type	AnalogSetDefault, %function
 264              	AnalogSetDefault:
 265              	.LFB6:
 214:Generated_Source\PSoC4/cyfitter_cfg.c **** 
 215:Generated_Source\PSoC4/cyfitter_cfg.c **** 
 216:Generated_Source\PSoC4/cyfitter_cfg.c **** /* Analog API Functions */
 217:Generated_Source\PSoC4/cyfitter_cfg.c **** 
 218:Generated_Source\PSoC4/cyfitter_cfg.c **** 
 219:Generated_Source\PSoC4/cyfitter_cfg.c **** /*******************************************************************************
 220:Generated_Source\PSoC4/cyfitter_cfg.c **** * Function Name: AnalogSetDefault
 221:Generated_Source\PSoC4/cyfitter_cfg.c **** ********************************************************************************
 222:Generated_Source\PSoC4/cyfitter_cfg.c **** *
 223:Generated_Source\PSoC4/cyfitter_cfg.c **** * Summary:
 224:Generated_Source\PSoC4/cyfitter_cfg.c **** *  Sets up the analog portions of the chip to default values based on chip
 225:Generated_Source\PSoC4/cyfitter_cfg.c **** *  configuration options from the project.
 226:Generated_Source\PSoC4/cyfitter_cfg.c **** *
 227:Generated_Source\PSoC4/cyfitter_cfg.c **** * Parameters:
 228:Generated_Source\PSoC4/cyfitter_cfg.c **** *  void
 229:Generated_Source\PSoC4/cyfitter_cfg.c **** *
 230:Generated_Source\PSoC4/cyfitter_cfg.c **** * Return:
 231:Generated_Source\PSoC4/cyfitter_cfg.c **** *  void
 232:Generated_Source\PSoC4/cyfitter_cfg.c **** *
 233:Generated_Source\PSoC4/cyfitter_cfg.c **** *******************************************************************************/
 234:Generated_Source\PSoC4/cyfitter_cfg.c **** static void AnalogSetDefault(void);
 235:Generated_Source\PSoC4/cyfitter_cfg.c **** static void AnalogSetDefault(void)
 236:Generated_Source\PSoC4/cyfitter_cfg.c **** {
 266              		.loc 1 236 0
 267              		.cfi_startproc
 268              		@ args = 0, pretend = 0, frame = 0
 269              		@ frame_needed = 1, uses_anonymous_args = 0
 270 0000 80B5     		push	{r7, lr}
 271              		.cfi_def_cfa_offset 8
 272              		.cfi_offset 7, -8
 273              		.cfi_offset 14, -4
 274 0002 00AF     		add	r7, sp, #0
 275              		.cfi_def_cfa_register 7
 237:Generated_Source\PSoC4/cyfitter_cfg.c **** 	CY_SET_XTND_REG32((void CYFAR *)CYREG_CTBM0_DFT_CTRL, 0x00000003u);
 276              		.loc 1 237 0
ARM GAS  C:\Users\Admin\AppData\Local\Temp\ccwJo4kY.s 			page 10


 277 0004 054B     		ldr	r3, .L8
 278 0006 0322     		movs	r2, #3
 279 0008 1A60     		str	r2, [r3]
 238:Generated_Source\PSoC4/cyfitter_cfg.c **** 	CY_SET_XTND_REG32((void CYFAR *)CYREG_CTBM1_DFT_CTRL, 0x00000003u);
 280              		.loc 1 238 0
 281 000a 054B     		ldr	r3, .L8+4
 282 000c 0322     		movs	r2, #3
 283 000e 1A60     		str	r2, [r3]
 239:Generated_Source\PSoC4/cyfitter_cfg.c **** 	CY_SET_XTND_REG32((void CYFAR *)CYREG_PASS_DSAB_DSAB_CTRL, 0x00000000u);
 284              		.loc 1 239 0
 285 0010 044B     		ldr	r3, .L8+8
 286 0012 0022     		movs	r2, #0
 287 0014 1A60     		str	r2, [r3]
 240:Generated_Source\PSoC4/cyfitter_cfg.c **** }
 288              		.loc 1 240 0
 289 0016 C046     		nop
 290 0018 BD46     		mov	sp, r7
 291              		@ sp needed
 292 001a 80BD     		pop	{r7, pc}
 293              	.L9:
 294              		.align	2
 295              	.L8:
 296 001c 30003040 		.word	1076887600
 297 0020 30003140 		.word	1076953136
 298 0024 000E3F40 		.word	1077874176
 299              		.cfi_endproc
 300              	.LFE6:
 301              		.size	AnalogSetDefault, .-AnalogSetDefault
 302              		.section	.psocinit
 303              		.align	2
 304              		.global	cyfitter_cfg
 305              		.code	16
 306              		.thumb_func
 307              		.type	cyfitter_cfg, %function
 308              	cyfitter_cfg:
 309              	.LFB7:
 241:Generated_Source\PSoC4/cyfitter_cfg.c **** 
 242:Generated_Source\PSoC4/cyfitter_cfg.c **** 
 243:Generated_Source\PSoC4/cyfitter_cfg.c **** 
 244:Generated_Source\PSoC4/cyfitter_cfg.c **** 
 245:Generated_Source\PSoC4/cyfitter_cfg.c **** /*******************************************************************************
 246:Generated_Source\PSoC4/cyfitter_cfg.c **** * Function Name: cyfitter_cfg
 247:Generated_Source\PSoC4/cyfitter_cfg.c **** ********************************************************************************
 248:Generated_Source\PSoC4/cyfitter_cfg.c **** * Summary:
 249:Generated_Source\PSoC4/cyfitter_cfg.c **** *  This function is called by the start-up code for the selected device. It
 250:Generated_Source\PSoC4/cyfitter_cfg.c **** *  performs all of the necessary device configuration based on the design
 251:Generated_Source\PSoC4/cyfitter_cfg.c **** *  settings.  This includes settings from the Design Wide Resources (DWR) such
 252:Generated_Source\PSoC4/cyfitter_cfg.c **** *  as Clocks and Pins as well as any component configuration that is necessary.
 253:Generated_Source\PSoC4/cyfitter_cfg.c **** *
 254:Generated_Source\PSoC4/cyfitter_cfg.c **** * Parameters:
 255:Generated_Source\PSoC4/cyfitter_cfg.c **** *   void
 256:Generated_Source\PSoC4/cyfitter_cfg.c **** *
 257:Generated_Source\PSoC4/cyfitter_cfg.c **** * Return:
 258:Generated_Source\PSoC4/cyfitter_cfg.c **** *   void
 259:Generated_Source\PSoC4/cyfitter_cfg.c **** *
 260:Generated_Source\PSoC4/cyfitter_cfg.c **** *******************************************************************************/
 261:Generated_Source\PSoC4/cyfitter_cfg.c **** CY_CFG_SECTION
ARM GAS  C:\Users\Admin\AppData\Local\Temp\ccwJo4kY.s 			page 11


 262:Generated_Source\PSoC4/cyfitter_cfg.c **** void cyfitter_cfg(void)
 263:Generated_Source\PSoC4/cyfitter_cfg.c **** {
 310              		.loc 1 263 0
 311              		.cfi_startproc
 312              		@ args = 0, pretend = 0, frame = 8
 313              		@ frame_needed = 1, uses_anonymous_args = 0
 314 00dc 80B5     		push	{r7, lr}
 315              		.cfi_def_cfa_offset 8
 316              		.cfi_offset 7, -8
 317              		.cfi_offset 14, -4
 318 00de 82B0     		sub	sp, sp, #8
 319              		.cfi_def_cfa_offset 16
 320 00e0 00AF     		add	r7, sp, #0
 321              		.cfi_def_cfa_register 7
 264:Generated_Source\PSoC4/cyfitter_cfg.c **** 	/* Disable interrupts by default. Let user enable if/when they want. */
 265:Generated_Source\PSoC4/cyfitter_cfg.c **** 	CyGlobalIntDisable;
 322              		.loc 1 265 0
 323              		.syntax divided
 324              	@ 265 "Generated_Source\PSoC4\cyfitter_cfg.c" 1
 325 00e2 72B6     		CPSID   i
 326              	@ 0 "" 2
 266:Generated_Source\PSoC4/cyfitter_cfg.c **** 
 267:Generated_Source\PSoC4/cyfitter_cfg.c **** 	CY_SET_REG32((void *)(CYREG_BLE_BLESS_LL_DSM_CTRL), 0x00000000u);
 327              		.loc 1 267 0
 328              		.thumb
 329              		.syntax unified
 330 00e4 2D4B     		ldr	r3, .L13
 331 00e6 0022     		movs	r2, #0
 332 00e8 1A60     		str	r2, [r3]
 333              	.LBB2:
 268:Generated_Source\PSoC4/cyfitter_cfg.c **** 
 269:Generated_Source\PSoC4/cyfitter_cfg.c **** 	{
 270:Generated_Source\PSoC4/cyfitter_cfg.c **** 
 271:Generated_Source\PSoC4/cyfitter_cfg.c **** 		CYPACKED typedef struct {
 272:Generated_Source\PSoC4/cyfitter_cfg.c **** 			void CYFAR *address;
 273:Generated_Source\PSoC4/cyfitter_cfg.c **** 			uint16 size;
 274:Generated_Source\PSoC4/cyfitter_cfg.c **** 		} CYPACKED_ATTR cfg_memset_t;
 275:Generated_Source\PSoC4/cyfitter_cfg.c **** 
 276:Generated_Source\PSoC4/cyfitter_cfg.c **** 		static const cfg_memset_t CYCODE cfg_memset_list[] = {
 277:Generated_Source\PSoC4/cyfitter_cfg.c **** 			/* address, size */
 278:Generated_Source\PSoC4/cyfitter_cfg.c **** 			{(void CYFAR *)(CYDEV_UDB_P0_U0_BASE), 1024u},
 279:Generated_Source\PSoC4/cyfitter_cfg.c **** 			{(void CYFAR *)(CYDEV_UDB_DSI0_BASE), 1024u},
 280:Generated_Source\PSoC4/cyfitter_cfg.c **** 		};
 281:Generated_Source\PSoC4/cyfitter_cfg.c **** 
 282:Generated_Source\PSoC4/cyfitter_cfg.c **** 		uint8 CYDATA i;
 283:Generated_Source\PSoC4/cyfitter_cfg.c **** 
 284:Generated_Source\PSoC4/cyfitter_cfg.c **** 		/* Zero out critical memory blocks before beginning configuration */
 285:Generated_Source\PSoC4/cyfitter_cfg.c **** 		for (i = 0u; i < (sizeof(cfg_memset_list)/sizeof(cfg_memset_list[0])); i++)
 334              		.loc 1 285 0
 335 00ea FB1D     		adds	r3, r7, #7
 336 00ec 0022     		movs	r2, #0
 337 00ee 1A70     		strb	r2, [r3]
 338 00f0 22E0     		b	.L11
 339              	.L12:
 340              	.LBB3:
 286:Generated_Source\PSoC4/cyfitter_cfg.c **** 		{
 287:Generated_Source\PSoC4/cyfitter_cfg.c **** 			const cfg_memset_t CYCODE * CYDATA ms = &cfg_memset_list[i];
ARM GAS  C:\Users\Admin\AppData\Local\Temp\ccwJo4kY.s 			page 12


 341              		.loc 1 287 0 discriminator 3
 342 00f2 FB1D     		adds	r3, r7, #7
 343 00f4 1A78     		ldrb	r2, [r3]
 344 00f6 1300     		movs	r3, r2
 345 00f8 5B00     		lsls	r3, r3, #1
 346 00fa 9B18     		adds	r3, r3, r2
 347 00fc 5B00     		lsls	r3, r3, #1
 348 00fe 284A     		ldr	r2, .L13+4
 349 0100 9B18     		adds	r3, r3, r2
 350 0102 3B60     		str	r3, [r7]
 288:Generated_Source\PSoC4/cyfitter_cfg.c **** 			CYMEMZERO(ms->address, (size_t)(uint32)(ms->size));
 351              		.loc 1 288 0 discriminator 3
 352 0104 3B68     		ldr	r3, [r7]
 353 0106 1A78     		ldrb	r2, [r3]
 354 0108 5978     		ldrb	r1, [r3, #1]
 355 010a 0902     		lsls	r1, r1, #8
 356 010c 0A43     		orrs	r2, r1
 357 010e 9978     		ldrb	r1, [r3, #2]
 358 0110 0904     		lsls	r1, r1, #16
 359 0112 0A43     		orrs	r2, r1
 360 0114 DB78     		ldrb	r3, [r3, #3]
 361 0116 1B06     		lsls	r3, r3, #24
 362 0118 1343     		orrs	r3, r2
 363 011a 1800     		movs	r0, r3
 364 011c 3B68     		ldr	r3, [r7]
 365 011e 1A79     		ldrb	r2, [r3, #4]
 366 0120 5B79     		ldrb	r3, [r3, #5]
 367 0122 1B02     		lsls	r3, r3, #8
 368 0124 1343     		orrs	r3, r2
 369 0126 9BB2     		uxth	r3, r3
 370 0128 1900     		movs	r1, r3
 371 012a FFF7FEFF 		bl	CYMEMZERO
 372              	.LBE3:
 285:Generated_Source\PSoC4/cyfitter_cfg.c **** 		{
 373              		.loc 1 285 0 discriminator 3
 374 012e FB1D     		adds	r3, r7, #7
 375 0130 1A78     		ldrb	r2, [r3]
 376 0132 FB1D     		adds	r3, r7, #7
 377 0134 0132     		adds	r2, r2, #1
 378 0136 1A70     		strb	r2, [r3]
 379              	.L11:
 285:Generated_Source\PSoC4/cyfitter_cfg.c **** 		{
 380              		.loc 1 285 0 is_stmt 0 discriminator 1
 381 0138 FB1D     		adds	r3, r7, #7
 382 013a 1B78     		ldrb	r3, [r3]
 383 013c 012B     		cmp	r3, #1
 384 013e D8D9     		bls	.L12
 289:Generated_Source\PSoC4/cyfitter_cfg.c **** 		}
 290:Generated_Source\PSoC4/cyfitter_cfg.c **** 
 291:Generated_Source\PSoC4/cyfitter_cfg.c **** 		/* HSIOM Starting address: CYDEV_HSIOM_BASE */
 292:Generated_Source\PSoC4/cyfitter_cfg.c **** 		CY_SET_REG32((void *)(CYDEV_HSIOM_BASE), 0xEE000000u);
 385              		.loc 1 292 0 is_stmt 1
 386 0140 184B     		ldr	r3, .L13+8
 387 0142 EE22     		movs	r2, #238
 388 0144 1206     		lsls	r2, r2, #24
 389 0146 1A60     		str	r2, [r3]
 293:Generated_Source\PSoC4/cyfitter_cfg.c **** 		CY_SET_REG32((void *)(CYREG_HSIOM_PORT_SEL1), 0x00990000u);
ARM GAS  C:\Users\Admin\AppData\Local\Temp\ccwJo4kY.s 			page 13


 390              		.loc 1 293 0
 391 0148 174B     		ldr	r3, .L13+12
 392 014a 9922     		movs	r2, #153
 393 014c 1204     		lsls	r2, r2, #16
 394 014e 1A60     		str	r2, [r3]
 294:Generated_Source\PSoC4/cyfitter_cfg.c **** 
 295:Generated_Source\PSoC4/cyfitter_cfg.c **** 		/* UDB_PA_0 Starting address: CYDEV_UDB_PA0_BASE */
 296:Generated_Source\PSoC4/cyfitter_cfg.c **** 		CY_SET_REG32((void *)(CYDEV_UDB_PA0_BASE), 0x00990000u);
 395              		.loc 1 296 0
 396 0150 164B     		ldr	r3, .L13+16
 397 0152 9922     		movs	r2, #153
 398 0154 1204     		lsls	r2, r2, #16
 399 0156 1A60     		str	r2, [r3]
 297:Generated_Source\PSoC4/cyfitter_cfg.c **** 
 298:Generated_Source\PSoC4/cyfitter_cfg.c **** 		/* UDB_PA_1 Starting address: CYDEV_UDB_PA1_BASE */
 299:Generated_Source\PSoC4/cyfitter_cfg.c **** 		CY_SET_REG32((void *)(CYDEV_UDB_PA1_BASE), 0x00990000u);
 400              		.loc 1 299 0
 401 0158 154B     		ldr	r3, .L13+20
 402 015a 9922     		movs	r2, #153
 403 015c 1204     		lsls	r2, r2, #16
 404 015e 1A60     		str	r2, [r3]
 300:Generated_Source\PSoC4/cyfitter_cfg.c **** 
 301:Generated_Source\PSoC4/cyfitter_cfg.c **** 		/* Enable digital routing */
 302:Generated_Source\PSoC4/cyfitter_cfg.c **** 		CY_SET_XTND_REG8((void *)CYREG_UDB_UDBIF_BANK_CTL, (uint8)(CY_GET_XTND_REG8((void *)CYREG_UDB_UDB
 405              		.loc 1 302 0
 406 0160 144A     		ldr	r2, .L13+24
 407 0162 144B     		ldr	r3, .L13+24
 408 0164 1B78     		ldrb	r3, [r3]
 409 0166 DBB2     		uxtb	r3, r3
 410 0168 0621     		movs	r1, #6
 411 016a 0B43     		orrs	r3, r1
 412 016c DBB2     		uxtb	r3, r3
 413 016e 1370     		strb	r3, [r2]
 414              	.LBE2:
 303:Generated_Source\PSoC4/cyfitter_cfg.c **** 	}
 304:Generated_Source\PSoC4/cyfitter_cfg.c **** 
 305:Generated_Source\PSoC4/cyfitter_cfg.c **** 	/* Perform second pass device configuration. These items must be configured in specific order afte
 306:Generated_Source\PSoC4/cyfitter_cfg.c **** 	/* IOPINS0_0 Starting address: CYDEV_GPIO_PRT0_BASE */
 307:Generated_Source\PSoC4/cyfitter_cfg.c **** 	CY_SET_REG32((void *)(CYREG_GPIO_PRT0_PC), 0x00D80000u);
 415              		.loc 1 307 0
 416 0170 114B     		ldr	r3, .L13+28
 417 0172 D822     		movs	r2, #216
 418 0174 1204     		lsls	r2, r2, #16
 419 0176 1A60     		str	r2, [r3]
 308:Generated_Source\PSoC4/cyfitter_cfg.c **** 
 309:Generated_Source\PSoC4/cyfitter_cfg.c **** 	/* IOPINS0_1 Starting address: CYDEV_GPIO_PRT1_BASE */
 310:Generated_Source\PSoC4/cyfitter_cfg.c **** 	CY_SET_REG32((void *)(CYDEV_GPIO_PRT1_BASE), 0x00000020u);
 420              		.loc 1 310 0
 421 0178 104B     		ldr	r3, .L13+32
 422 017a 2022     		movs	r2, #32
 423 017c 1A60     		str	r2, [r3]
 311:Generated_Source\PSoC4/cyfitter_cfg.c **** 	CY_SET_REG32((void *)(CYREG_GPIO_PRT1_PC), 0x00031000u);
 424              		.loc 1 311 0
 425 017e 104B     		ldr	r3, .L13+36
 426 0180 C422     		movs	r2, #196
 427 0182 9202     		lsls	r2, r2, #10
 428 0184 1A60     		str	r2, [r3]
ARM GAS  C:\Users\Admin\AppData\Local\Temp\ccwJo4kY.s 			page 14


 312:Generated_Source\PSoC4/cyfitter_cfg.c **** 	CY_SET_REG32((void *)(CYREG_GPIO_PRT1_PC2), 0x00000020u);
 429              		.loc 1 312 0
 430 0186 0F4B     		ldr	r3, .L13+40
 431 0188 2022     		movs	r2, #32
 432 018a 1A60     		str	r2, [r3]
 313:Generated_Source\PSoC4/cyfitter_cfg.c **** 
 314:Generated_Source\PSoC4/cyfitter_cfg.c **** 
 315:Generated_Source\PSoC4/cyfitter_cfg.c **** 	/* Setup clocks based on selections from Clock DWR */
 316:Generated_Source\PSoC4/cyfitter_cfg.c **** 	ClockSetup();
 433              		.loc 1 316 0
 434 018c FFF738FF 		bl	ClockSetup
 317:Generated_Source\PSoC4/cyfitter_cfg.c **** 
 318:Generated_Source\PSoC4/cyfitter_cfg.c **** 	/* Perform basic analog initialization to defaults */
 319:Generated_Source\PSoC4/cyfitter_cfg.c **** 	AnalogSetDefault();
 435              		.loc 1 319 0
 436 0190 FFF7FEFF 		bl	AnalogSetDefault
 320:Generated_Source\PSoC4/cyfitter_cfg.c **** 
 321:Generated_Source\PSoC4/cyfitter_cfg.c **** }
 437              		.loc 1 321 0
 438 0194 C046     		nop
 439 0196 BD46     		mov	sp, r7
 440 0198 02B0     		add	sp, sp, #8
 441              		@ sp needed
 442 019a 80BD     		pop	{r7, pc}
 443              	.L14:
 444              		.align	2
 445              	.L13:
 446 019c 6CF02E40 		.word	1076818028
 447 01a0 00000000 		.word	cfg_memset_list.4893
 448 01a4 00000240 		.word	1073872896
 449 01a8 00010240 		.word	1073873152
 450 01ac 00500F40 		.word	1074745344
 451 01b0 10500F40 		.word	1074745360
 452 01b4 00700F40 		.word	1074753536
 453 01b8 08000440 		.word	1074003976
 454 01bc 00010440 		.word	1074004224
 455 01c0 08010440 		.word	1074004232
 456 01c4 18010440 		.word	1074004248
 457              		.cfi_endproc
 458              	.LFE7:
 459              		.size	cyfitter_cfg, .-cyfitter_cfg
 460              		.section	.rodata
 461              		.align	2
 462              		.type	cfg_memset_list.4893, %object
 463              		.size	cfg_memset_list.4893, 12
 464              	cfg_memset_list.4893:
 465 0000 00300F40 		.word	1074737152
 466 0004 0004     		.short	1024
 467 0006 00400F40 		.4byte	1074741248
 468 000a 0004     		.short	1024
 469              		.text
 470              	.Letext0:
 471              		.file 2 "c:\\program files (x86)\\cypress\\psoc creator\\4.4\\psoc creator\\import\\gnu\\arm\\5.4.
 472              		.file 3 "Generated_Source\\PSoC4\\cytypes.h"
 473              		.section	.debug_info,"",%progbits
 474              	.Ldebug_info0:
 475 0000 55020000 		.4byte	0x255
ARM GAS  C:\Users\Admin\AppData\Local\Temp\ccwJo4kY.s 			page 15


 476 0004 0400     		.2byte	0x4
 477 0006 00000000 		.4byte	.Ldebug_abbrev0
 478 000a 04       		.byte	0x4
 479 000b 01       		.uleb128 0x1
 480 000c 24010000 		.4byte	.LASF30
 481 0010 0C       		.byte	0xc
 482 0011 62020000 		.4byte	.LASF31
 483 0015 5C000000 		.4byte	.LASF32
 484 0019 00000000 		.4byte	.Ldebug_ranges0+0
 485 001d 00000000 		.4byte	0
 486 0021 00000000 		.4byte	.Ldebug_line0
 487 0025 02       		.uleb128 0x2
 488 0026 04       		.byte	0x4
 489 0027 05       		.byte	0x5
 490 0028 696E7400 		.ascii	"int\000"
 491 002c 03       		.uleb128 0x3
 492 002d 06000000 		.4byte	.LASF12
 493 0031 02       		.byte	0x2
 494 0032 D8       		.byte	0xd8
 495 0033 37000000 		.4byte	0x37
 496 0037 04       		.uleb128 0x4
 497 0038 04       		.byte	0x4
 498 0039 07       		.byte	0x7
 499 003a E2010000 		.4byte	.LASF0
 500 003e 04       		.uleb128 0x4
 501 003f 08       		.byte	0x8
 502 0040 05       		.byte	0x5
 503 0041 24020000 		.4byte	.LASF1
 504 0045 04       		.uleb128 0x4
 505 0046 08       		.byte	0x8
 506 0047 04       		.byte	0x4
 507 0048 4A020000 		.4byte	.LASF2
 508 004c 04       		.uleb128 0x4
 509 004d 01       		.byte	0x1
 510 004e 06       		.byte	0x6
 511 004f 56020000 		.4byte	.LASF3
 512 0053 04       		.uleb128 0x4
 513 0054 01       		.byte	0x1
 514 0055 08       		.byte	0x8
 515 0056 B2010000 		.4byte	.LASF4
 516 005a 04       		.uleb128 0x4
 517 005b 02       		.byte	0x2
 518 005c 05       		.byte	0x5
 519 005d 37020000 		.4byte	.LASF5
 520 0061 04       		.uleb128 0x4
 521 0062 02       		.byte	0x2
 522 0063 07       		.byte	0x7
 523 0064 39000000 		.4byte	.LASF6
 524 0068 04       		.uleb128 0x4
 525 0069 04       		.byte	0x4
 526 006a 05       		.byte	0x5
 527 006b 41020000 		.4byte	.LASF7
 528 006f 04       		.uleb128 0x4
 529 0070 04       		.byte	0x4
 530 0071 07       		.byte	0x7
 531 0072 02010000 		.4byte	.LASF8
 532 0076 04       		.uleb128 0x4
ARM GAS  C:\Users\Admin\AppData\Local\Temp\ccwJo4kY.s 			page 16


 533 0077 08       		.byte	0x8
 534 0078 07       		.byte	0x7
 535 0079 F7010000 		.4byte	.LASF9
 536 007d 04       		.uleb128 0x4
 537 007e 04       		.byte	0x4
 538 007f 07       		.byte	0x7
 539 0080 1B020000 		.4byte	.LASF10
 540 0084 05       		.uleb128 0x5
 541 0085 04       		.byte	0x4
 542 0086 04       		.uleb128 0x4
 543 0087 01       		.byte	0x1
 544 0088 08       		.byte	0x8
 545 0089 32020000 		.4byte	.LASF11
 546 008d 06       		.uleb128 0x6
 547 008e 14010000 		.4byte	.LASF13
 548 0092 03       		.byte	0x3
 549 0093 FB01     		.2byte	0x1fb
 550 0095 53000000 		.4byte	0x53
 551 0099 06       		.uleb128 0x6
 552 009a D4010000 		.4byte	.LASF14
 553 009e 03       		.byte	0x3
 554 009f FC01     		.2byte	0x1fc
 555 00a1 61000000 		.4byte	0x61
 556 00a5 06       		.uleb128 0x6
 557 00a6 DB010000 		.4byte	.LASF15
 558 00aa 03       		.byte	0x3
 559 00ab FD01     		.2byte	0x1fd
 560 00ad 6F000000 		.4byte	0x6f
 561 00b1 04       		.uleb128 0x4
 562 00b2 04       		.byte	0x4
 563 00b3 04       		.byte	0x4
 564 00b4 4C000000 		.4byte	.LASF16
 565 00b8 04       		.uleb128 0x4
 566 00b9 08       		.byte	0x8
 567 00ba 04       		.byte	0x4
 568 00bb C0010000 		.4byte	.LASF17
 569 00bf 06       		.uleb128 0x6
 570 00c0 FD000000 		.4byte	.LASF18
 571 00c4 03       		.byte	0x3
 572 00c5 A502     		.2byte	0x2a5
 573 00c7 CB000000 		.4byte	0xcb
 574 00cb 07       		.uleb128 0x7
 575 00cc 8D000000 		.4byte	0x8d
 576 00d0 06       		.uleb128 0x6
 577 00d1 00000000 		.4byte	.LASF19
 578 00d5 03       		.byte	0x3
 579 00d6 A702     		.2byte	0x2a7
 580 00d8 DC000000 		.4byte	0xdc
 581 00dc 07       		.uleb128 0x7
 582 00dd A5000000 		.4byte	0xa5
 583 00e1 08       		.uleb128 0x8
 584 00e2 1A010000 		.4byte	.LASF20
 585 00e6 01       		.byte	0x1
 586 00e7 4A       		.byte	0x4a
 587 00e8 00000000 		.4byte	.LFB2
 588 00ec 1E000000 		.4byte	.LFE2-.LFB2
 589 00f0 01       		.uleb128 0x1
ARM GAS  C:\Users\Admin\AppData\Local\Temp\ccwJo4kY.s 			page 17


 590 00f1 9C       		.byte	0x9c
 591 00f2 0F010000 		.4byte	0x10f
 592 00f6 09       		.uleb128 0x9
 593 00f7 7300     		.ascii	"s\000"
 594 00f9 01       		.byte	0x1
 595 00fa 4A       		.byte	0x4a
 596 00fb 84000000 		.4byte	0x84
 597 00ff 02       		.uleb128 0x2
 598 0100 91       		.byte	0x91
 599 0101 74       		.sleb128 -12
 600 0102 09       		.uleb128 0x9
 601 0103 6E00     		.ascii	"n\000"
 602 0105 01       		.byte	0x1
 603 0106 4A       		.byte	0x4a
 604 0107 2C000000 		.4byte	0x2c
 605 010b 02       		.uleb128 0x2
 606 010c 91       		.byte	0x91
 607 010d 70       		.sleb128 -16
 608 010e 00       		.byte	0
 609 010f 08       		.uleb128 0x8
 610 0110 98020000 		.4byte	.LASF21
 611 0114 01       		.byte	0x1
 612 0115 51       		.byte	0x51
 613 0116 00000000 		.4byte	.LFB3
 614 011a 20000000 		.4byte	.LFE3-.LFB3
 615 011e 01       		.uleb128 0x1
 616 011f 9C       		.byte	0x9c
 617 0120 4D010000 		.4byte	0x14d
 618 0124 0A       		.uleb128 0xa
 619 0125 52000000 		.4byte	.LASF22
 620 0129 01       		.byte	0x1
 621 012a 51       		.byte	0x51
 622 012b 84000000 		.4byte	0x84
 623 012f 02       		.uleb128 0x2
 624 0130 91       		.byte	0x91
 625 0131 74       		.sleb128 -12
 626 0132 09       		.uleb128 0x9
 627 0133 73726300 		.ascii	"src\000"
 628 0137 01       		.byte	0x1
 629 0138 51       		.byte	0x51
 630 0139 4D010000 		.4byte	0x14d
 631 013d 02       		.uleb128 0x2
 632 013e 91       		.byte	0x91
 633 013f 70       		.sleb128 -16
 634 0140 09       		.uleb128 0x9
 635 0141 6E00     		.ascii	"n\000"
 636 0143 01       		.byte	0x1
 637 0144 51       		.byte	0x51
 638 0145 2C000000 		.4byte	0x2c
 639 0149 02       		.uleb128 0x2
 640 014a 91       		.byte	0x91
 641 014b 6C       		.sleb128 -20
 642 014c 00       		.byte	0
 643 014d 0B       		.uleb128 0xb
 644 014e 04       		.byte	0x4
 645 014f 53010000 		.4byte	0x153
 646 0153 0C       		.uleb128 0xc
ARM GAS  C:\Users\Admin\AppData\Local\Temp\ccwJo4kY.s 			page 18


 647 0154 08       		.uleb128 0x8
 648 0155 88020000 		.4byte	.LASF23
 649 0159 01       		.byte	0x1
 650 015a 58       		.byte	0x58
 651 015b 00000000 		.4byte	.LFB4
 652 015f 20000000 		.4byte	.LFE4-.LFB4
 653 0163 01       		.uleb128 0x1
 654 0164 9C       		.byte	0x9c
 655 0165 92010000 		.4byte	0x192
 656 0169 0A       		.uleb128 0xa
 657 016a 52000000 		.4byte	.LASF22
 658 016e 01       		.byte	0x1
 659 016f 58       		.byte	0x58
 660 0170 84000000 		.4byte	0x84
 661 0174 02       		.uleb128 0x2
 662 0175 91       		.byte	0x91
 663 0176 74       		.sleb128 -12
 664 0177 09       		.uleb128 0x9
 665 0178 73726300 		.ascii	"src\000"
 666 017c 01       		.byte	0x1
 667 017d 58       		.byte	0x58
 668 017e 4D010000 		.4byte	0x14d
 669 0182 02       		.uleb128 0x2
 670 0183 91       		.byte	0x91
 671 0184 70       		.sleb128 -16
 672 0185 09       		.uleb128 0x9
 673 0186 6E00     		.ascii	"n\000"
 674 0188 01       		.byte	0x1
 675 0189 58       		.byte	0x58
 676 018a 2C000000 		.4byte	0x2c
 677 018e 02       		.uleb128 0x2
 678 018f 91       		.byte	0x91
 679 0190 6C       		.sleb128 -20
 680 0191 00       		.byte	0
 681 0192 0D       		.uleb128 0xd
 682 0193 2E000000 		.4byte	.LASF24
 683 0197 01       		.byte	0x1
 684 0198 A8       		.byte	0xa8
 685 0199 00000000 		.4byte	.LFB5
 686 019d DC000000 		.4byte	.LFE5-.LFB5
 687 01a1 01       		.uleb128 0x1
 688 01a2 9C       		.byte	0x9c
 689 01a3 0E       		.uleb128 0xe
 690 01a4 0D000000 		.4byte	.LASF25
 691 01a8 01       		.byte	0x1
 692 01a9 EB       		.byte	0xeb
 693 01aa 00000000 		.4byte	.LFB6
 694 01ae 28000000 		.4byte	.LFE6-.LFB6
 695 01b2 01       		.uleb128 0x1
 696 01b3 9C       		.byte	0x9c
 697 01b4 0F       		.uleb128 0xf
 698 01b5 C7010000 		.4byte	.LASF33
 699 01b9 01       		.byte	0x1
 700 01ba 0601     		.2byte	0x106
 701 01bc DC000000 		.4byte	.LFB7
 702 01c0 EC000000 		.4byte	.LFE7-.LFB7
 703 01c4 01       		.uleb128 0x1
ARM GAS  C:\Users\Admin\AppData\Local\Temp\ccwJo4kY.s 			page 19


 704 01c5 9C       		.byte	0x9c
 705 01c6 10       		.uleb128 0x10
 706 01c7 EA000000 		.4byte	.LBB2
 707 01cb 86000000 		.4byte	.LBE2-.LBB2
 708 01cf 11       		.uleb128 0x11
 709 01d0 06       		.byte	0x6
 710 01d1 01       		.byte	0x1
 711 01d2 0F01     		.2byte	0x10f
 712 01d4 F3010000 		.4byte	0x1f3
 713 01d8 12       		.uleb128 0x12
 714 01d9 EF010000 		.4byte	.LASF26
 715 01dd 01       		.byte	0x1
 716 01de 1001     		.2byte	0x110
 717 01e0 84000000 		.4byte	0x84
 718 01e4 00       		.byte	0
 719 01e5 12       		.uleb128 0x12
 720 01e6 57000000 		.4byte	.LASF27
 721 01ea 01       		.byte	0x1
 722 01eb 1101     		.2byte	0x111
 723 01ed 99000000 		.4byte	0x99
 724 01f1 04       		.byte	0x4
 725 01f2 00       		.byte	0
 726 01f3 06       		.uleb128 0x6
 727 01f4 0E020000 		.4byte	.LASF28
 728 01f8 01       		.byte	0x1
 729 01f9 1201     		.2byte	0x112
 730 01fb CF010000 		.4byte	0x1cf
 731 01ff 13       		.uleb128 0x13
 732 0200 0F020000 		.4byte	0x20f
 733 0204 0F020000 		.4byte	0x20f
 734 0208 14       		.uleb128 0x14
 735 0209 7D000000 		.4byte	0x7d
 736 020d 01       		.byte	0x1
 737 020e 00       		.byte	0
 738 020f 15       		.uleb128 0x15
 739 0210 F3010000 		.4byte	0x1f3
 740 0214 16       		.uleb128 0x16
 741 0215 1E000000 		.4byte	.LASF29
 742 0219 01       		.byte	0x1
 743 021a 1401     		.2byte	0x114
 744 021c 26020000 		.4byte	0x226
 745 0220 05       		.uleb128 0x5
 746 0221 03       		.byte	0x3
 747 0222 00000000 		.4byte	cfg_memset_list.4893
 748 0226 15       		.uleb128 0x15
 749 0227 FF010000 		.4byte	0x1ff
 750 022b 17       		.uleb128 0x17
 751 022c 6900     		.ascii	"i\000"
 752 022e 01       		.byte	0x1
 753 022f 1A01     		.2byte	0x11a
 754 0231 8D000000 		.4byte	0x8d
 755 0235 02       		.uleb128 0x2
 756 0236 91       		.byte	0x91
 757 0237 77       		.sleb128 -9
 758 0238 10       		.uleb128 0x10
 759 0239 F2000000 		.4byte	.LBB3
 760 023d 3C000000 		.4byte	.LBE3-.LBB3
ARM GAS  C:\Users\Admin\AppData\Local\Temp\ccwJo4kY.s 			page 20


 761 0241 17       		.uleb128 0x17
 762 0242 6D7300   		.ascii	"ms\000"
 763 0245 01       		.byte	0x1
 764 0246 1F01     		.2byte	0x11f
 765 0248 4F020000 		.4byte	0x24f
 766 024c 02       		.uleb128 0x2
 767 024d 91       		.byte	0x91
 768 024e 70       		.sleb128 -16
 769 024f 0B       		.uleb128 0xb
 770 0250 04       		.byte	0x4
 771 0251 0F020000 		.4byte	0x20f
 772 0255 00       		.byte	0
 773 0256 00       		.byte	0
 774 0257 00       		.byte	0
 775 0258 00       		.byte	0
 776              		.section	.debug_abbrev,"",%progbits
 777              	.Ldebug_abbrev0:
 778 0000 01       		.uleb128 0x1
 779 0001 11       		.uleb128 0x11
 780 0002 01       		.byte	0x1
 781 0003 25       		.uleb128 0x25
 782 0004 0E       		.uleb128 0xe
 783 0005 13       		.uleb128 0x13
 784 0006 0B       		.uleb128 0xb
 785 0007 03       		.uleb128 0x3
 786 0008 0E       		.uleb128 0xe
 787 0009 1B       		.uleb128 0x1b
 788 000a 0E       		.uleb128 0xe
 789 000b 55       		.uleb128 0x55
 790 000c 17       		.uleb128 0x17
 791 000d 11       		.uleb128 0x11
 792 000e 01       		.uleb128 0x1
 793 000f 10       		.uleb128 0x10
 794 0010 17       		.uleb128 0x17
 795 0011 00       		.byte	0
 796 0012 00       		.byte	0
 797 0013 02       		.uleb128 0x2
 798 0014 24       		.uleb128 0x24
 799 0015 00       		.byte	0
 800 0016 0B       		.uleb128 0xb
 801 0017 0B       		.uleb128 0xb
 802 0018 3E       		.uleb128 0x3e
 803 0019 0B       		.uleb128 0xb
 804 001a 03       		.uleb128 0x3
 805 001b 08       		.uleb128 0x8
 806 001c 00       		.byte	0
 807 001d 00       		.byte	0
 808 001e 03       		.uleb128 0x3
 809 001f 16       		.uleb128 0x16
 810 0020 00       		.byte	0
 811 0021 03       		.uleb128 0x3
 812 0022 0E       		.uleb128 0xe
 813 0023 3A       		.uleb128 0x3a
 814 0024 0B       		.uleb128 0xb
 815 0025 3B       		.uleb128 0x3b
 816 0026 0B       		.uleb128 0xb
 817 0027 49       		.uleb128 0x49
ARM GAS  C:\Users\Admin\AppData\Local\Temp\ccwJo4kY.s 			page 21


 818 0028 13       		.uleb128 0x13
 819 0029 00       		.byte	0
 820 002a 00       		.byte	0
 821 002b 04       		.uleb128 0x4
 822 002c 24       		.uleb128 0x24
 823 002d 00       		.byte	0
 824 002e 0B       		.uleb128 0xb
 825 002f 0B       		.uleb128 0xb
 826 0030 3E       		.uleb128 0x3e
 827 0031 0B       		.uleb128 0xb
 828 0032 03       		.uleb128 0x3
 829 0033 0E       		.uleb128 0xe
 830 0034 00       		.byte	0
 831 0035 00       		.byte	0
 832 0036 05       		.uleb128 0x5
 833 0037 0F       		.uleb128 0xf
 834 0038 00       		.byte	0
 835 0039 0B       		.uleb128 0xb
 836 003a 0B       		.uleb128 0xb
 837 003b 00       		.byte	0
 838 003c 00       		.byte	0
 839 003d 06       		.uleb128 0x6
 840 003e 16       		.uleb128 0x16
 841 003f 00       		.byte	0
 842 0040 03       		.uleb128 0x3
 843 0041 0E       		.uleb128 0xe
 844 0042 3A       		.uleb128 0x3a
 845 0043 0B       		.uleb128 0xb
 846 0044 3B       		.uleb128 0x3b
 847 0045 05       		.uleb128 0x5
 848 0046 49       		.uleb128 0x49
 849 0047 13       		.uleb128 0x13
 850 0048 00       		.byte	0
 851 0049 00       		.byte	0
 852 004a 07       		.uleb128 0x7
 853 004b 35       		.uleb128 0x35
 854 004c 00       		.byte	0
 855 004d 49       		.uleb128 0x49
 856 004e 13       		.uleb128 0x13
 857 004f 00       		.byte	0
 858 0050 00       		.byte	0
 859 0051 08       		.uleb128 0x8
 860 0052 2E       		.uleb128 0x2e
 861 0053 01       		.byte	0x1
 862 0054 03       		.uleb128 0x3
 863 0055 0E       		.uleb128 0xe
 864 0056 3A       		.uleb128 0x3a
 865 0057 0B       		.uleb128 0xb
 866 0058 3B       		.uleb128 0x3b
 867 0059 0B       		.uleb128 0xb
 868 005a 27       		.uleb128 0x27
 869 005b 19       		.uleb128 0x19
 870 005c 11       		.uleb128 0x11
 871 005d 01       		.uleb128 0x1
 872 005e 12       		.uleb128 0x12
 873 005f 06       		.uleb128 0x6
 874 0060 40       		.uleb128 0x40
ARM GAS  C:\Users\Admin\AppData\Local\Temp\ccwJo4kY.s 			page 22


 875 0061 18       		.uleb128 0x18
 876 0062 9642     		.uleb128 0x2116
 877 0064 19       		.uleb128 0x19
 878 0065 01       		.uleb128 0x1
 879 0066 13       		.uleb128 0x13
 880 0067 00       		.byte	0
 881 0068 00       		.byte	0
 882 0069 09       		.uleb128 0x9
 883 006a 05       		.uleb128 0x5
 884 006b 00       		.byte	0
 885 006c 03       		.uleb128 0x3
 886 006d 08       		.uleb128 0x8
 887 006e 3A       		.uleb128 0x3a
 888 006f 0B       		.uleb128 0xb
 889 0070 3B       		.uleb128 0x3b
 890 0071 0B       		.uleb128 0xb
 891 0072 49       		.uleb128 0x49
 892 0073 13       		.uleb128 0x13
 893 0074 02       		.uleb128 0x2
 894 0075 18       		.uleb128 0x18
 895 0076 00       		.byte	0
 896 0077 00       		.byte	0
 897 0078 0A       		.uleb128 0xa
 898 0079 05       		.uleb128 0x5
 899 007a 00       		.byte	0
 900 007b 03       		.uleb128 0x3
 901 007c 0E       		.uleb128 0xe
 902 007d 3A       		.uleb128 0x3a
 903 007e 0B       		.uleb128 0xb
 904 007f 3B       		.uleb128 0x3b
 905 0080 0B       		.uleb128 0xb
 906 0081 49       		.uleb128 0x49
 907 0082 13       		.uleb128 0x13
 908 0083 02       		.uleb128 0x2
 909 0084 18       		.uleb128 0x18
 910 0085 00       		.byte	0
 911 0086 00       		.byte	0
 912 0087 0B       		.uleb128 0xb
 913 0088 0F       		.uleb128 0xf
 914 0089 00       		.byte	0
 915 008a 0B       		.uleb128 0xb
 916 008b 0B       		.uleb128 0xb
 917 008c 49       		.uleb128 0x49
 918 008d 13       		.uleb128 0x13
 919 008e 00       		.byte	0
 920 008f 00       		.byte	0
 921 0090 0C       		.uleb128 0xc
 922 0091 26       		.uleb128 0x26
 923 0092 00       		.byte	0
 924 0093 00       		.byte	0
 925 0094 00       		.byte	0
 926 0095 0D       		.uleb128 0xd
 927 0096 2E       		.uleb128 0x2e
 928 0097 00       		.byte	0
 929 0098 03       		.uleb128 0x3
 930 0099 0E       		.uleb128 0xe
 931 009a 3A       		.uleb128 0x3a
ARM GAS  C:\Users\Admin\AppData\Local\Temp\ccwJo4kY.s 			page 23


 932 009b 0B       		.uleb128 0xb
 933 009c 3B       		.uleb128 0x3b
 934 009d 0B       		.uleb128 0xb
 935 009e 27       		.uleb128 0x27
 936 009f 19       		.uleb128 0x19
 937 00a0 11       		.uleb128 0x11
 938 00a1 01       		.uleb128 0x1
 939 00a2 12       		.uleb128 0x12
 940 00a3 06       		.uleb128 0x6
 941 00a4 40       		.uleb128 0x40
 942 00a5 18       		.uleb128 0x18
 943 00a6 9642     		.uleb128 0x2116
 944 00a8 19       		.uleb128 0x19
 945 00a9 00       		.byte	0
 946 00aa 00       		.byte	0
 947 00ab 0E       		.uleb128 0xe
 948 00ac 2E       		.uleb128 0x2e
 949 00ad 00       		.byte	0
 950 00ae 03       		.uleb128 0x3
 951 00af 0E       		.uleb128 0xe
 952 00b0 3A       		.uleb128 0x3a
 953 00b1 0B       		.uleb128 0xb
 954 00b2 3B       		.uleb128 0x3b
 955 00b3 0B       		.uleb128 0xb
 956 00b4 27       		.uleb128 0x27
 957 00b5 19       		.uleb128 0x19
 958 00b6 11       		.uleb128 0x11
 959 00b7 01       		.uleb128 0x1
 960 00b8 12       		.uleb128 0x12
 961 00b9 06       		.uleb128 0x6
 962 00ba 40       		.uleb128 0x40
 963 00bb 18       		.uleb128 0x18
 964 00bc 9742     		.uleb128 0x2117
 965 00be 19       		.uleb128 0x19
 966 00bf 00       		.byte	0
 967 00c0 00       		.byte	0
 968 00c1 0F       		.uleb128 0xf
 969 00c2 2E       		.uleb128 0x2e
 970 00c3 01       		.byte	0x1
 971 00c4 3F       		.uleb128 0x3f
 972 00c5 19       		.uleb128 0x19
 973 00c6 03       		.uleb128 0x3
 974 00c7 0E       		.uleb128 0xe
 975 00c8 3A       		.uleb128 0x3a
 976 00c9 0B       		.uleb128 0xb
 977 00ca 3B       		.uleb128 0x3b
 978 00cb 05       		.uleb128 0x5
 979 00cc 27       		.uleb128 0x27
 980 00cd 19       		.uleb128 0x19
 981 00ce 11       		.uleb128 0x11
 982 00cf 01       		.uleb128 0x1
 983 00d0 12       		.uleb128 0x12
 984 00d1 06       		.uleb128 0x6
 985 00d2 40       		.uleb128 0x40
 986 00d3 18       		.uleb128 0x18
 987 00d4 9642     		.uleb128 0x2116
 988 00d6 19       		.uleb128 0x19
ARM GAS  C:\Users\Admin\AppData\Local\Temp\ccwJo4kY.s 			page 24


 989 00d7 00       		.byte	0
 990 00d8 00       		.byte	0
 991 00d9 10       		.uleb128 0x10
 992 00da 0B       		.uleb128 0xb
 993 00db 01       		.byte	0x1
 994 00dc 11       		.uleb128 0x11
 995 00dd 01       		.uleb128 0x1
 996 00de 12       		.uleb128 0x12
 997 00df 06       		.uleb128 0x6
 998 00e0 00       		.byte	0
 999 00e1 00       		.byte	0
 1000 00e2 11       		.uleb128 0x11
 1001 00e3 13       		.uleb128 0x13
 1002 00e4 01       		.byte	0x1
 1003 00e5 0B       		.uleb128 0xb
 1004 00e6 0B       		.uleb128 0xb
 1005 00e7 3A       		.uleb128 0x3a
 1006 00e8 0B       		.uleb128 0xb
 1007 00e9 3B       		.uleb128 0x3b
 1008 00ea 05       		.uleb128 0x5
 1009 00eb 01       		.uleb128 0x1
 1010 00ec 13       		.uleb128 0x13
 1011 00ed 00       		.byte	0
 1012 00ee 00       		.byte	0
 1013 00ef 12       		.uleb128 0x12
 1014 00f0 0D       		.uleb128 0xd
 1015 00f1 00       		.byte	0
 1016 00f2 03       		.uleb128 0x3
 1017 00f3 0E       		.uleb128 0xe
 1018 00f4 3A       		.uleb128 0x3a
 1019 00f5 0B       		.uleb128 0xb
 1020 00f6 3B       		.uleb128 0x3b
 1021 00f7 05       		.uleb128 0x5
 1022 00f8 49       		.uleb128 0x49
 1023 00f9 13       		.uleb128 0x13
 1024 00fa 38       		.uleb128 0x38
 1025 00fb 0B       		.uleb128 0xb
 1026 00fc 00       		.byte	0
 1027 00fd 00       		.byte	0
 1028 00fe 13       		.uleb128 0x13
 1029 00ff 01       		.uleb128 0x1
 1030 0100 01       		.byte	0x1
 1031 0101 49       		.uleb128 0x49
 1032 0102 13       		.uleb128 0x13
 1033 0103 01       		.uleb128 0x1
 1034 0104 13       		.uleb128 0x13
 1035 0105 00       		.byte	0
 1036 0106 00       		.byte	0
 1037 0107 14       		.uleb128 0x14
 1038 0108 21       		.uleb128 0x21
 1039 0109 00       		.byte	0
 1040 010a 49       		.uleb128 0x49
 1041 010b 13       		.uleb128 0x13
 1042 010c 2F       		.uleb128 0x2f
 1043 010d 0B       		.uleb128 0xb
 1044 010e 00       		.byte	0
 1045 010f 00       		.byte	0
ARM GAS  C:\Users\Admin\AppData\Local\Temp\ccwJo4kY.s 			page 25


 1046 0110 15       		.uleb128 0x15
 1047 0111 26       		.uleb128 0x26
 1048 0112 00       		.byte	0
 1049 0113 49       		.uleb128 0x49
 1050 0114 13       		.uleb128 0x13
 1051 0115 00       		.byte	0
 1052 0116 00       		.byte	0
 1053 0117 16       		.uleb128 0x16
 1054 0118 34       		.uleb128 0x34
 1055 0119 00       		.byte	0
 1056 011a 03       		.uleb128 0x3
 1057 011b 0E       		.uleb128 0xe
 1058 011c 3A       		.uleb128 0x3a
 1059 011d 0B       		.uleb128 0xb
 1060 011e 3B       		.uleb128 0x3b
 1061 011f 05       		.uleb128 0x5
 1062 0120 49       		.uleb128 0x49
 1063 0121 13       		.uleb128 0x13
 1064 0122 02       		.uleb128 0x2
 1065 0123 18       		.uleb128 0x18
 1066 0124 00       		.byte	0
 1067 0125 00       		.byte	0
 1068 0126 17       		.uleb128 0x17
 1069 0127 34       		.uleb128 0x34
 1070 0128 00       		.byte	0
 1071 0129 03       		.uleb128 0x3
 1072 012a 08       		.uleb128 0x8
 1073 012b 3A       		.uleb128 0x3a
 1074 012c 0B       		.uleb128 0xb
 1075 012d 3B       		.uleb128 0x3b
 1076 012e 05       		.uleb128 0x5
 1077 012f 49       		.uleb128 0x49
 1078 0130 13       		.uleb128 0x13
 1079 0131 02       		.uleb128 0x2
 1080 0132 18       		.uleb128 0x18
 1081 0133 00       		.byte	0
 1082 0134 00       		.byte	0
 1083 0135 00       		.byte	0
 1084              		.section	.debug_aranges,"",%progbits
 1085 0000 44000000 		.4byte	0x44
 1086 0004 0200     		.2byte	0x2
 1087 0006 00000000 		.4byte	.Ldebug_info0
 1088 000a 04       		.byte	0x4
 1089 000b 00       		.byte	0
 1090 000c 0000     		.2byte	0
 1091 000e 0000     		.2byte	0
 1092 0010 00000000 		.4byte	.LFB2
 1093 0014 1E000000 		.4byte	.LFE2-.LFB2
 1094 0018 00000000 		.4byte	.LFB3
 1095 001c 20000000 		.4byte	.LFE3-.LFB3
 1096 0020 00000000 		.4byte	.LFB4
 1097 0024 20000000 		.4byte	.LFE4-.LFB4
 1098 0028 00000000 		.4byte	.LFB5
 1099 002c DC000000 		.4byte	.LFE5-.LFB5
 1100 0030 00000000 		.4byte	.LFB6
 1101 0034 28000000 		.4byte	.LFE6-.LFB6
 1102 0038 DC000000 		.4byte	.LFB7
ARM GAS  C:\Users\Admin\AppData\Local\Temp\ccwJo4kY.s 			page 26


 1103 003c EC000000 		.4byte	.LFE7-.LFB7
 1104 0040 00000000 		.4byte	0
 1105 0044 00000000 		.4byte	0
 1106              		.section	.debug_ranges,"",%progbits
 1107              	.Ldebug_ranges0:
 1108 0000 00000000 		.4byte	.LFB2
 1109 0004 1E000000 		.4byte	.LFE2
 1110 0008 00000000 		.4byte	.LFB3
 1111 000c 20000000 		.4byte	.LFE3
 1112 0010 00000000 		.4byte	.LFB4
 1113 0014 20000000 		.4byte	.LFE4
 1114 0018 00000000 		.4byte	.LFB5
 1115 001c DC000000 		.4byte	.LFE5
 1116 0020 00000000 		.4byte	.LFB6
 1117 0024 28000000 		.4byte	.LFE6
 1118 0028 DC000000 		.4byte	.LFB7
 1119 002c C8010000 		.4byte	.LFE7
 1120 0030 00000000 		.4byte	0
 1121 0034 00000000 		.4byte	0
 1122              		.section	.debug_line,"",%progbits
 1123              	.Ldebug_line0:
 1124 0000 6C010000 		.section	.debug_str,"MS",%progbits,1
 1124      0200CB00 
 1124      00000201 
 1124      FB0E0D00 
 1124      01010101 
 1125              	.LASF19:
 1126 0000 72656733 		.ascii	"reg32\000"
 1126      3200
 1127              	.LASF12:
 1128 0006 73697A65 		.ascii	"size_t\000"
 1128      5F7400
 1129              	.LASF25:
 1130 000d 416E616C 		.ascii	"AnalogSetDefault\000"
 1130      6F675365 
 1130      74446566 
 1130      61756C74 
 1130      00
 1131              	.LASF29:
 1132 001e 6366675F 		.ascii	"cfg_memset_list\000"
 1132      6D656D73 
 1132      65745F6C 
 1132      69737400 
 1133              	.LASF24:
 1134 002e 436C6F63 		.ascii	"ClockSetup\000"
 1134      6B536574 
 1134      757000
 1135              	.LASF6:
 1136 0039 73686F72 		.ascii	"short unsigned int\000"
 1136      7420756E 
 1136      7369676E 
 1136      65642069 
 1136      6E7400
 1137              	.LASF16:
 1138 004c 666C6F61 		.ascii	"float\000"
 1138      7400
 1139              	.LASF22:
ARM GAS  C:\Users\Admin\AppData\Local\Temp\ccwJo4kY.s 			page 27


 1140 0052 64657374 		.ascii	"dest\000"
 1140      00
 1141              	.LASF27:
 1142 0057 73697A65 		.ascii	"size\000"
 1142      00
 1143              	.LASF32:
 1144 005c 433A5C55 		.ascii	"C:\\Users\\Admin\\Documents\\Keil-WorkSpace\\PSoC4-"
 1144      73657273 
 1144      5C41646D 
 1144      696E5C44 
 1144      6F63756D 
 1145 008a 424C452D 		.ascii	"BLE-Aucthentication\\PSoC4-BLE-Authentication\\Auth"
 1145      41756374 
 1145      68656E74 
 1145      69636174 
 1145      696F6E5C 
 1146 00bb 656E7469 		.ascii	"entication- IO Capabilities\\Authentication- IO Cap"
 1146      63617469 
 1146      6F6E2D20 
 1146      494F2043 
 1146      61706162 
 1147 00ed 6162696C 		.ascii	"abilities.cydsn\000"
 1147      69746965 
 1147      732E6379 
 1147      64736E00 
 1148              	.LASF18:
 1149 00fd 72656738 		.ascii	"reg8\000"
 1149      00
 1150              	.LASF8:
 1151 0102 6C6F6E67 		.ascii	"long unsigned int\000"
 1151      20756E73 
 1151      69676E65 
 1151      6420696E 
 1151      7400
 1152              	.LASF13:
 1153 0114 75696E74 		.ascii	"uint8\000"
 1153      3800
 1154              	.LASF20:
 1155 011a 43594D45 		.ascii	"CYMEMZERO\000"
 1155      4D5A4552 
 1155      4F00
 1156              	.LASF30:
 1157 0124 474E5520 		.ascii	"GNU C11 5.4.1 20160609 (release) [ARM/embedded-5-br"
 1157      43313120 
 1157      352E342E 
 1157      31203230 
 1157      31363036 
 1158 0157 616E6368 		.ascii	"anch revision 237715] -mcpu=cortex-m0 -mthumb -g -O"
 1158      20726576 
 1158      6973696F 
 1158      6E203233 
 1158      37373135 
 1159 018a 30202D66 		.ascii	"0 -ffunction-sections -ffat-lto-objects\000"
 1159      66756E63 
 1159      74696F6E 
 1159      2D736563 
 1159      74696F6E 
ARM GAS  C:\Users\Admin\AppData\Local\Temp\ccwJo4kY.s 			page 28


 1160              	.LASF4:
 1161 01b2 756E7369 		.ascii	"unsigned char\000"
 1161      676E6564 
 1161      20636861 
 1161      7200
 1162              	.LASF17:
 1163 01c0 646F7562 		.ascii	"double\000"
 1163      6C6500
 1164              	.LASF33:
 1165 01c7 63796669 		.ascii	"cyfitter_cfg\000"
 1165      74746572 
 1165      5F636667 
 1165      00
 1166              	.LASF14:
 1167 01d4 75696E74 		.ascii	"uint16\000"
 1167      313600
 1168              	.LASF15:
 1169 01db 75696E74 		.ascii	"uint32\000"
 1169      333200
 1170              	.LASF0:
 1171 01e2 756E7369 		.ascii	"unsigned int\000"
 1171      676E6564 
 1171      20696E74 
 1171      00
 1172              	.LASF26:
 1173 01ef 61646472 		.ascii	"address\000"
 1173      65737300 
 1174              	.LASF9:
 1175 01f7 6C6F6E67 		.ascii	"long long unsigned int\000"
 1175      206C6F6E 
 1175      6720756E 
 1175      7369676E 
 1175      65642069 
 1176              	.LASF28:
 1177 020e 6366675F 		.ascii	"cfg_memset_t\000"
 1177      6D656D73 
 1177      65745F74 
 1177      00
 1178              	.LASF10:
 1179 021b 73697A65 		.ascii	"sizetype\000"
 1179      74797065 
 1179      00
 1180              	.LASF1:
 1181 0224 6C6F6E67 		.ascii	"long long int\000"
 1181      206C6F6E 
 1181      6720696E 
 1181      7400
 1182              	.LASF11:
 1183 0232 63686172 		.ascii	"char\000"
 1183      00
 1184              	.LASF5:
 1185 0237 73686F72 		.ascii	"short int\000"
 1185      7420696E 
 1185      7400
 1186              	.LASF7:
 1187 0241 6C6F6E67 		.ascii	"long int\000"
 1187      20696E74 
ARM GAS  C:\Users\Admin\AppData\Local\Temp\ccwJo4kY.s 			page 29


 1187      00
 1188              	.LASF2:
 1189 024a 6C6F6E67 		.ascii	"long double\000"
 1189      20646F75 
 1189      626C6500 
 1190              	.LASF3:
 1191 0256 7369676E 		.ascii	"signed char\000"
 1191      65642063 
 1191      68617200 
 1192              	.LASF31:
 1193 0262 47656E65 		.ascii	"Generated_Source\\PSoC4\\cyfitter_cfg.c\000"
 1193      72617465 
 1193      645F536F 
 1193      75726365 
 1193      5C50536F 
 1194              	.LASF23:
 1195 0288 4359434F 		.ascii	"CYCONFIGCPYCODE\000"
 1195      4E464947 
 1195      43505943 
 1195      4F444500 
 1196              	.LASF21:
 1197 0298 4359434F 		.ascii	"CYCONFIGCPY\000"
 1197      4E464947 
 1197      43505900 
 1198              		.ident	"GCC: (GNU Tools for ARM Embedded Processors) 5.4.1 20160609 (release) [ARM/embedded-5-bran
